com.example.yaogd_lib.BuildConfig -> com.example.yaogd_lib.BuildConfig:
    boolean DEBUG -> DEBUG
    java.lang.String APPLICATION_ID -> APPLICATION_ID
    java.lang.String BUILD_TYPE -> BUILD_TYPE
    java.lang.String FLAVOR -> FLAVOR
    int VERSION_CODE -> VERSION_CODE
    java.lang.String VERSION_NAME -> VERSION_NAME
    6:6:void <init>() -> <init>
com.yaogd.lib.BaseApplication -> com.yaogd.lib.BaseApplication:
    android.content.Context context -> a
    6:6:void <init>() -> <init>
    12:15:void onCreate() -> onCreate
    18:18:android.content.Context getContext() -> getContext
com.yaogd.lib.CommonUtils -> com.yaogd.lib.CommonUtils:
    9:9:void <init>() -> <init>
    16:21:boolean isNetAvailable(android.content.Context) -> isNetAvailable
com.yaogd.lib.DiskHelper -> com.yaogd.lib.DiskHelper:
    java.lang.String TOP_DIR -> TOP_DIR
    java.lang.String TEMP_FILE_FIRST_NAME -> TEMP_FILE_FIRST_NAME
    12:12:void <init>() -> <init>
    29:29:java.lang.String getTopDir() -> getTopDir
    37:48:java.lang.String findTopDir() -> findTopDir
    57:64:long getAvailableSpace() -> getAvailableSpace
    71:88:void clearTempFiles() -> clearTempFiles
    97:97:java.io.File createTempFile(java.lang.String) -> createTempFile
    106:114:java.io.File createFile(java.lang.String) -> createFile
    122:128:void deleteFile(java.lang.String) -> deleteFile
    137:148:java.io.File[] containsFile(java.lang.String) -> containsFile
    156:168:java.lang.String renameFile(java.io.File,java.lang.String) -> renameFile
com.yaogd.lib.DiskHelper$1 -> com.yaogd.lib.DiskHelper$1:
    com.yaogd.lib.DiskHelper this$0 -> a
    74:74:void <init>(com.yaogd.lib.DiskHelper) -> <init>
    77:77:boolean accept(java.io.File,java.lang.String) -> accept
com.yaogd.lib.DiskHelper$2 -> com.yaogd.lib.DiskHelper$2:
    java.lang.String val$fileNamePart -> a
    com.yaogd.lib.DiskHelper this$0 -> b
    140:140:void <init>(com.yaogd.lib.DiskHelper,java.lang.String) -> <init>
    143:143:boolean accept(java.io.File,java.lang.String) -> accept
com.yaogd.lib.L -> com.yaogd.lib.L:
    java.lang.String TAG -> a
    boolean isDebug -> b
    5:5:void <init>() -> <init>
    15:16:void init(boolean) -> init
    24:27:void v(java.lang.String) -> v
    35:38:void v(java.lang.String,java.lang.String) -> v
    46:49:void i(java.lang.String) -> i
    57:60:void i(java.lang.String,java.lang.String) -> i
    68:71:void d(java.lang.String) -> d
    80:83:void d(java.lang.String,java.lang.String) -> d
    91:94:void w(java.lang.String) -> w
    103:106:void w(java.lang.String,java.lang.String) -> w
    114:117:void w(java.lang.String,java.lang.Throwable) -> w
    126:129:void e(java.lang.String,java.lang.String) -> e
    137:140:void e(java.lang.String) -> e
    150:153:void e(java.lang.String,java.lang.String,java.lang.Throwable) -> e
    160:160:boolean isDebug() -> isDebug
    7:12:void <clinit>() -> <clinit>
com.yaogd.lib.TestFrame -> com.yaogd.lib.TestFrame:
    android.content.Context appContext -> appContext
    11:13:void <init>() -> <init>
    17:19:void setUp() -> setUp
    23:25:void tearDown() -> tearDown
